2025-07-23 07:12:41,736 - INFO - Improved database initialized successfully
2025-07-23 07:12:41,737 - INFO - SD3 Improved Automation System initialized
2025-07-23 07:12:41,740 - DEBUG - Found SD3 window with title: Superior Drummer 3
2025-07-23 07:12:41,741 - INFO - Processing MIDI file (attempt 1/3): china_china_hard_053.mid
2025-07-23 07:12:41,742 - DEBUG - Found SD3 window with title: Superior Drummer 3
2025-07-23 07:12:41,742 - INFO - Loading MIDI file: china_china_hard_053.mid
2025-07-23 07:12:41,743 - DEBUG - Found SD3 window with title: Superior Drummer 3
2025-07-23 07:12:43,744 - DEBUG - SD3 window successfully focused
2025-07-23 07:12:55,317 - INFO - MIDI file loaded via keyboard shortcut: china_china_hard_053.mid
2025-07-23 07:12:55,318 - INFO - Rendering audio: china_china_hard_053
2025-07-23 07:12:55,319 - DEBUG - Found SD3 window with title: Superior Drummer 3
2025-07-23 07:12:57,320 - DEBUG - SD3 window successfully focused
2025-07-23 07:12:57,320 - DEBUG - Trying export method 1/3: export_method_menu
2025-07-23 07:12:57,320 - DEBUG - Trying export via File menu
2025-07-23 07:14:29,107 - INFO - Improved database initialized successfully
2025-07-23 07:14:29,107 - INFO - SD3 Improved Automation System initialized
2025-07-23 07:14:29,110 - DEBUG - Found SD3 window with title: Superior Drummer 3
2025-07-23 07:14:29,110 - INFO - Processing MIDI file (attempt 1/3): china_china_hard_053.mid
2025-07-23 07:14:29,111 - DEBUG - Found SD3 window with title: Superior Drummer 3
2025-07-23 07:14:29,111 - INFO - Loading MIDI file: china_china_hard_053.mid
2025-07-23 07:14:29,112 - DEBUG - Found SD3 window with title: Superior Drummer 3
2025-07-23 07:14:31,113 - DEBUG - SD3 window successfully focused
2025-07-23 07:14:42,685 - INFO - MIDI file loaded via keyboard shortcut: china_china_hard_053.mid
2025-07-23 07:14:42,685 - INFO - Rendering audio: china_china_hard_053
2025-07-23 07:14:42,686 - DEBUG - Found SD3 window with title: Superior Drummer 3
2025-07-23 07:14:44,687 - DEBUG - SD3 window successfully focused
2025-07-23 07:14:44,688 - DEBUG - Trying export method 1/3: export_method_menu
2025-07-23 07:14:44,688 - DEBUG - Trying export via Track menu
2025-07-23 07:15:44,869 - INFO - Improved database initialized successfully
2025-07-23 07:15:44,870 - INFO - SD3 Improved Automation System initialized
2025-07-23 07:15:44,873 - DEBUG - Found SD3 window with title: Superior Drummer 3
2025-07-23 07:15:44,874 - INFO - Processing MIDI file (attempt 1/3): china_china_hard_053.mid
2025-07-23 07:15:44,875 - DEBUG - Found SD3 window with title: Superior Drummer 3
2025-07-23 07:15:44,875 - INFO - Loading MIDI file: china_china_hard_053.mid
2025-07-23 07:15:44,876 - DEBUG - Found SD3 window with title: Superior Drummer 3
2025-07-23 07:15:46,877 - DEBUG - SD3 window successfully focused
2025-07-23 07:15:58,443 - INFO - MIDI file loaded via keyboard shortcut: china_china_hard_053.mid
2025-07-23 07:15:58,444 - INFO - Rendering audio: china_china_hard_053
2025-07-23 07:15:58,445 - DEBUG - Found SD3 window with title: Superior Drummer 3
2025-07-23 07:16:00,445 - DEBUG - SD3 window successfully focused
2025-07-23 07:16:00,445 - DEBUG - Trying export method 1/3: export_method_menu
2025-07-23 07:16:00,446 - DEBUG - Trying export via Track menu -> Export Song
2025-07-23 07:17:15,046 - WARNING - Attempt 1 failed for china_china_hard_053.mid: Failed to render audio: File not created within timeout (60s)
2025-07-23 07:17:19,046 - INFO - Processing MIDI file (attempt 2/3): china_china_hard_053.mid
2025-07-23 07:17:19,047 - DEBUG - Found SD3 window with title: Superior Drummer 3
2025-07-23 07:17:19,048 - INFO - Loading MIDI file: china_china_hard_053.mid
2025-07-23 07:17:19,048 - DEBUG - Found SD3 window with title: Superior Drummer 3
2025-07-23 07:17:21,049 - DEBUG - SD3 window successfully focused
2025-07-23 07:17:32,616 - INFO - MIDI file loaded via keyboard shortcut: china_china_hard_053.mid
2025-07-23 07:17:32,616 - INFO - Rendering audio: china_china_hard_053
2025-07-23 07:17:32,617 - DEBUG - Found SD3 window with title: Superior Drummer 3
2025-07-23 07:17:34,617 - DEBUG - SD3 window successfully focused
2025-07-23 07:17:34,618 - DEBUG - Trying export method 1/3: export_method_menu
2025-07-23 07:17:34,618 - DEBUG - Trying export via Track menu -> Export Song
2025-07-23 07:17:54,978 - INFO - Improved database initialized successfully
2025-07-23 07:17:54,978 - INFO - SD3 Improved Automation System initialized
2025-07-23 07:17:54,982 - DEBUG - Found SD3 window with title: Superior Drummer 3
2025-07-23 07:17:54,983 - INFO - Processing MIDI file (attempt 1/3): china_china_hard_053.mid
2025-07-23 07:17:54,983 - DEBUG - Found SD3 window with title: Superior Drummer 3
2025-07-23 07:17:54,984 - INFO - Loading MIDI file: china_china_hard_053.mid
2025-07-23 07:17:54,984 - DEBUG - Found SD3 window with title: Superior Drummer 3
2025-07-23 07:17:56,985 - DEBUG - SD3 window successfully focused
2025-07-23 07:17:56,986 - DEBUG - Stopping playback and rewinding to position 0
2025-07-23 07:17:56,987 - DEBUG - Found SD3 window with title: Superior Drummer 3
2025-07-23 07:17:58,987 - DEBUG - SD3 window successfully focused
2025-07-23 07:18:08,994 - DEBUG - Playback stopped and rewound to position 0
2025-07-23 07:18:20,562 - INFO - MIDI file loaded via keyboard shortcut: china_china_hard_053.mid
2025-07-23 07:18:20,562 - INFO - Rendering audio: china_china_hard_053
2025-07-23 07:18:20,563 - DEBUG - Found SD3 window with title: Superior Drummer 3
2025-07-23 07:18:22,564 - DEBUG - SD3 window successfully focused
2025-07-23 07:18:22,565 - DEBUG - Stopping playback and rewinding to position 0
2025-07-23 07:18:22,566 - DEBUG - Found SD3 window with title: Superior Drummer 3
